2026-05-24 16:58:09.625: [INFO] OnDoneLoading sync enabled: 0
2026-07-04 18:01:23.214: [INFO] OnDoneLoading sync enabled: 0
2026-07-04 18:01:32.869: [INFO] OnDoneLoading sync enabled: 0
2026-07-04 18:01:41.806: [INFO] OnDoneLoading sync enabled: 0
2026-07-04 18:02:12.025: [INFO] OnDoneLoading sync enabled: 0
2026-07-04 18:02:21.660: [INFO] OnDoneLoading sync enabled: 0
2026-07-04 18:02:28.714: [INFO] OnDoneLoading sync enabled: 0
2026-07-04 18:02:29.580: [INFO] OnDoneLoading sync enabled: 0
2026-07-04 18:03:06.756: [INFO] OnDoneLoading sync enabled: 0
2026-07-04 18:03:10.953: [INFO] OnDoneLoading sync enabled: 0
2026-07-04 18:03:55.301: [INFO] OnDoneLoading sync enabled: 0
2026-07-15 16:46:12.502: [INFO] OnDoneLoading sync enabled: 0
2026-07-15 16:56:58.981: [INFO] OnDoneLoading sync enabled: 0
2026-07-16 08:04:04.918: [INFO] OnDoneLoading sync enabled: 0
2026-07-20 05:44:42.387: [INFO] OnDoneLoading sync enabled: 0
2026-07-21 08:25:51.445: [INFO] OnDoneLoading sync enabled: 0
2026-08-07 07:34:03.991: [INFO] CurrentProfilePath: D:\JEECodess\DataJpa\.metadata\.plugins\org.eclipse.swt\EBWebView\Default
2026-08-07 07:34:03.991: [INFO] Profiles total count: 1
2026-08-07 07:34:03.992: [INFO] Profile: name=Profile 1 path=D:\JEECodess\DataJpa\.metadata\.plugins\org.eclipse.swt\EBWebView\Default lastActive=2026-05-24T16:58:09.855Z
2026-08-07 07:34:03.992: [INFO] LastUsedProfileDir: D:\JEECodess\DataJpa\.metadata\.plugins\org.eclipse.swt\EBWebView\Default
2026-08-07 07:34:03.992: [INFO] MostRecentlyActiveProfile: name=Profile 1 path=D:\JEECodess\DataJpa\.metadata\.plugins\org.eclipse.swt\EBWebView\Default lastActive=2026-05-24T16:58:09.855Z
2026-08-07 07:34:03.992: [INFO] OnDoneLoading sync enabled: 0
2026-08-07 07:34:03.992: [INFO] BookmarkModelLoaded, ids_reassigned: 0
2026-08-07 07:34:03.992: [INFO] BookmarksLoadDropped droppedNodes=0
2026-08-07 07:34:03.992: [INFO] BookmarksSnapshot Startup total=0 bar=0 other=0 mobile=0 showBar=0 showBarNTP=1
2026-08-07 07:34:04.577: [INFO] BookmarksSnapshot Shutdown total=0 bar=0 other=0 mobile=0 showBar=0 showBarNTP=1
2026-08-07 07:35:10.786: [INFO] CurrentProfilePath: D:\JEECodess\DataJpa\.metadata\.plugins\org.eclipse.swt\EBWebView\Default
2026-08-07 07:35:10.786: [INFO] Profiles total count: 1
2026-08-07 07:35:10.786: [INFO] Profile: name=Profile 1 path=D:\JEECodess\DataJpa\.metadata\.plugins\org.eclipse.swt\EBWebView\Default lastActive=2026-05-24T16:58:09.855Z
2026-08-07 07:35:10.786: [INFO] LastUsedProfileDir: D:\JEECodess\DataJpa\.metadata\.plugins\org.eclipse.swt\EBWebView\Default
2026-08-07 07:35:10.786: [INFO] MostRecentlyActiveProfile: name=Profile 1 path=D:\JEECodess\DataJpa\.metadata\.plugins\org.eclipse.swt\EBWebView\Default lastActive=2026-05-24T16:58:09.855Z
2026-08-07 07:35:10.786: [INFO] OnDoneLoading sync enabled: 0
2026-08-07 07:35:10.786: [INFO] BookmarkModelLoaded, ids_reassigned: 0
2026-08-07 07:35:10.786: [INFO] BookmarksLoadDropped droppedNodes=0
2026-08-07 07:35:10.786: [INFO] BookmarksSnapshot Startup total=0 bar=0 other=0 mobile=0 showBar=0 showBarNTP=1
2026-08-07 07:35:41.866: [INFO] BookmarksSnapshot Shutdown total=0 bar=0 other=0 mobile=0 showBar=0 showBarNTP=1
2026-08-07 16:58:02.392: [INFO] CurrentProfilePath: D:\JEECodess\DataJpa\.metadata\.plugins\org.eclipse.swt\EBWebView\Default
2026-08-07 16:58:02.393: [INFO] Profiles total count: 1
2026-08-07 16:58:02.393: [INFO] Profile: name=Profile 1 path=D:\JEECodess\DataJpa\.metadata\.plugins\org.eclipse.swt\EBWebView\Default lastActive=2026-05-24T16:58:09.855Z
2026-08-07 16:58:02.393: [INFO] LastUsedProfileDir: D:\JEECodess\DataJpa\.metadata\.plugins\org.eclipse.swt\EBWebView\Default
2026-08-07 16:58:02.393: [INFO] MostRecentlyActiveProfile: name=Profile 1 path=D:\JEECodess\DataJpa\.metadata\.plugins\org.eclipse.swt\EBWebView\Default lastActive=2026-05-24T16:58:09.855Z
2026-08-07 16:58:02.393: [INFO] OnDoneLoading sync enabled: 0
2026-08-07 16:58:02.393: [INFO] BookmarkModelLoaded, ids_reassigned: 0
2026-08-07 16:58:02.393: [INFO] BookmarksLoadDropped droppedNodes=0
2026-08-07 16:58:02.393: [INFO] BookmarksSnapshot Startup total=0 bar=0 other=0 mobile=0 showBar=0 showBarNTP=1
2026-08-07 16:58:23.887: [INFO] BookmarksSnapshot Shutdown total=0 bar=0 other=0 mobile=0 showBar=0 showBarNTP=1
2026-08-07 17:00:17.346: [INFO] CurrentProfilePath: D:\JEECodess\DataJpa\.metadata\.plugins\org.eclipse.swt\EBWebView\Default
2026-08-07 17:00:17.346: [INFO] Profiles total count: 1
2026-08-07 17:00:17.346: [INFO] Profile: name=Profile 1 path=D:\JEECodess\DataJpa\.metadata\.plugins\org.eclipse.swt\EBWebView\Default lastActive=2026-05-24T16:58:09.855Z
2026-08-07 17:00:17.346: [INFO] LastUsedProfileDir: D:\JEECodess\DataJpa\.metadata\.plugins\org.eclipse.swt\EBWebView\Default
2026-08-07 17:00:17.347: [INFO] MostRecentlyActiveProfile: name=Profile 1 path=D:\JEECodess\DataJpa\.metadata\.plugins\org.eclipse.swt\EBWebView\Default lastActive=2026-05-24T16:58:09.855Z
2026-08-07 17:00:17.347: [INFO] OnDoneLoading sync enabled: 0
2026-08-07 17:00:17.347: [INFO] BookmarkModelLoaded, ids_reassigned: 0
2026-08-07 17:00:17.347: [INFO] BookmarksLoadDropped droppedNodes=0
2026-08-07 17:00:17.347: [INFO] BookmarksSnapshot Startup total=0 bar=0 other=0 mobile=0 showBar=0 showBarNTP=1
2026-08-07 17:00:22.612: [INFO] BookmarksSnapshot Shutdown total=0 bar=0 other=0 mobile=0 showBar=0 showBarNTP=1
2026-08-07 17:01:47.264: [INFO] CurrentProfilePath: D:\JEECodess\DataJpa\.metadata\.plugins\org.eclipse.swt\EBWebView\Default
2026-08-07 17:01:47.264: [INFO] Profiles total count: 1
2026-08-07 17:01:47.264: [INFO] Profile: name=Profile 1 path=D:\JEECodess\DataJpa\.metadata\.plugins\org.eclipse.swt\EBWebView\Default lastActive=2026-05-24T16:58:09.855Z
2026-08-07 17:01:47.264: [INFO] LastUsedProfileDir: D:\JEECodess\DataJpa\.metadata\.plugins\org.eclipse.swt\EBWebView\Default
2026-08-07 17:01:47.265: [INFO] MostRecentlyActiveProfile: name=Profile 1 path=D:\JEECodess\DataJpa\.metadata\.plugins\org.eclipse.swt\EBWebView\Default lastActive=2026-05-24T16:58:09.855Z
2026-08-07 17:01:47.265: [INFO] OnDoneLoading sync enabled: 0
2026-08-07 17:01:47.265: [INFO] BookmarkModelLoaded, ids_reassigned: 0
2026-08-07 17:01:47.265: [INFO] BookmarksLoadDropped droppedNodes=0
2026-08-07 17:01:47.265: [INFO] BookmarksSnapshot Startup total=0 bar=0 other=0 mobile=0 showBar=0 showBarNTP=1
2026-08-07 17:01:55.519: [INFO] BookmarksSnapshot Shutdown total=0 bar=0 other=0 mobile=0 showBar=0 showBarNTP=1
2026-08-07 17:09:10.479: [INFO] CurrentProfilePath: D:\JEECodess\DataJpa\.metadata\.plugins\org.eclipse.swt\EBWebView\Default
2026-08-07 17:09:10.479: [INFO] Profiles total count: 1
2026-08-07 17:09:10.482: [INFO] Profile: name=Profile 1 path=D:\JEECodess\DataJpa\.metadata\.plugins\org.eclipse.swt\EBWebView\Default lastActive=2026-05-24T16:58:09.855Z
2026-08-07 17:09:10.482: [INFO] LastUsedProfileDir: D:\JEECodess\DataJpa\.metadata\.plugins\org.eclipse.swt\EBWebView\Default
2026-08-07 17:09:10.482: [INFO] MostRecentlyActiveProfile: name=Profile 1 path=D:\JEECodess\DataJpa\.metadata\.plugins\org.eclipse.swt\EBWebView\Default lastActive=2026-05-24T16:58:09.855Z
2026-08-07 17:09:10.482: [INFO] OnDoneLoading sync enabled: 0
2026-08-07 17:09:10.482: [INFO] BookmarkModelLoaded, ids_reassigned: 0
2026-08-07 17:09:10.482: [INFO] BookmarksLoadDropped droppedNodes=0
2026-08-07 17:09:10.482: [INFO] BookmarksSnapshot Startup total=0 bar=0 other=0 mobile=0 showBar=0 showBarNTP=1
2026-08-07 18:52:31.218: [INFO] BookmarksSnapshot Shutdown total=0 bar=0 other=0 mobile=0 showBar=0 showBarNTP=1
2026-08-26 08:43:45.855: [INFO] CurrentProfilePath: D:\JEECodess\DataJpa\.metadata\.plugins\org.eclipse.swt\EBWebView\Default
2026-08-26 08:43:45.855: [INFO] Profiles total count: 1
2026-08-26 08:43:45.858: [INFO] Profile: name=Profile 1 path=D:\JEECodess\DataJpa\.metadata\.plugins\org.eclipse.swt\EBWebView\Default lastActive=2026-05-24T16:58:09.855Z
2026-08-26 08:43:45.858: [INFO] LastUsedProfileDir: D:\JEECodess\DataJpa\.metadata\.plugins\org.eclipse.swt\EBWebView\Default
2026-08-26 08:43:45.858: [INFO] MostRecentlyActiveProfile: name=Profile 1 path=D:\JEECodess\DataJpa\.metadata\.plugins\org.eclipse.swt\EBWebView\Default lastActive=2026-05-24T16:58:09.855Z
2026-08-26 08:43:45.858: [INFO] OnDoneLoading sync enabled: 0
2026-08-26 08:43:45.858: [INFO] BookmarkModelLoaded, ids_reassigned: 0
2026-08-26 08:43:45.858: [INFO] BookmarksLoadDropped droppedNodes=0
2026-08-26 08:43:45.858: [INFO] BookmarksSnapshot Startup total=0 bar=0 other=0 mobile=0 showBar=0 showBarNTP=1
2026-08-26 10:40:16.850: [INFO] BookmarksSnapshot Shutdown total=0 bar=0 other=0 mobile=0 showBar=0 showBarNTP=1
2026-09-01 09:24:50.557: [INFO] CurrentProfilePath: D:\JEECodess\DataJpa\.metadata\.plugins\org.eclipse.swt\EBWebView\Default
2026-09-01 09:24:50.557: [INFO] Profiles total count: 1
2026-09-01 09:24:50.558: [INFO] Profile: name=Profile 1 path=D:\JEECodess\DataJpa\.metadata\.plugins\org.eclipse.swt\EBWebView\Default lastActive=2026-05-24T16:58:09.855Z
2026-09-01 09:24:50.558: [INFO] LastUsedProfileDir: D:\JEECodess\DataJpa\.metadata\.plugins\org.eclipse.swt\EBWebView\Default
2026-09-01 09:24:50.558: [INFO] MostRecentlyActiveProfile: name=Profile 1 path=D:\JEECodess\DataJpa\.metadata\.plugins\org.eclipse.swt\EBWebView\Default lastActive=2026-05-24T16:58:09.855Z
2026-09-01 09:24:50.558: [INFO] OnDoneLoading sync enabled: 0
2026-09-01 09:24:50.558: [INFO] BookmarkModelLoaded, ids_reassigned: 0
2026-09-01 09:24:50.558: [INFO] BookmarksLoadDropped droppedNodes=0
2026-09-01 09:24:50.558: [INFO] BookmarksSnapshot Startup total=0 bar=0 other=0 mobile=0 showBar=0 showBarNTP=1
2026-09-01 19:19:35.991: [INFO] BookmarksSnapshot Shutdown total=0 bar=0 other=0 mobile=0 showBar=0 showBarNTP=1
2026-09-03 07:53:34.653: [INFO] CurrentProfilePath: D:\JEECodess\DataJpa\.metadata\.plugins\org.eclipse.swt\EBWebView\Default
2026-09-03 07:53:34.653: [INFO] Profiles total count: 1
2026-09-03 07:53:34.653: [INFO] Profile: name=Profile 1 path=D:\JEECodess\DataJpa\.metadata\.plugins\org.eclipse.swt\EBWebView\Default lastActive=2026-05-24T16:58:09.855Z
2026-09-03 07:53:34.653: [INFO] LastUsedProfileDir: D:\JEECodess\DataJpa\.metadata\.plugins\org.eclipse.swt\EBWebView\Default
2026-09-03 07:53:34.653: [INFO] MostRecentlyActiveProfile: name=Profile 1 path=D:\JEECodess\DataJpa\.metadata\.plugins\org.eclipse.swt\EBWebView\Default lastActive=2026-05-24T16:58:09.855Z
2026-09-03 07:53:34.653: [INFO] OnDoneLoading sync enabled: 0
2026-09-03 07:53:34.653: [INFO] BookmarkModelLoaded, ids_reassigned: 0
2026-09-03 07:53:34.653: [INFO] BookmarksLoadDropped droppedNodes=0
2026-09-03 07:53:34.653: [INFO] BookmarksSnapshot Startup total=0 bar=0 other=0 mobile=0 showBar=0 showBarNTP=1
2026-09-03 07:53:34.836: [INFO] BookmarksSnapshot Shutdown total=0 bar=0 other=0 mobile=0 showBar=0 showBarNTP=1
2026-09-03 08:02:49.183: [INFO] CurrentProfilePath: D:\JEECodess\DataJpa\.metadata\.plugins\org.eclipse.swt\EBWebView\Default
2026-09-03 08:02:49.183: [INFO] Profiles total count: 1
2026-09-03 08:02:49.183: [INFO] Profile: name=Profile 1 path=D:\JEECodess\DataJpa\.metadata\.plugins\org.eclipse.swt\EBWebView\Default lastActive=2026-05-24T16:58:09.855Z
2026-09-03 08:02:49.183: [INFO] LastUsedProfileDir: D:\JEECodess\DataJpa\.metadata\.plugins\org.eclipse.swt\EBWebView\Default
2026-09-03 08:02:49.183: [INFO] MostRecentlyActiveProfile: name=Profile 1 path=D:\JEECodess\DataJpa\.metadata\.plugins\org.eclipse.swt\EBWebView\Default lastActive=2026-05-24T16:58:09.855Z
2026-09-03 08:02:49.183: [INFO] OnDoneLoading sync enabled: 0
2026-09-03 08:02:49.183: [INFO] BookmarkModelLoaded, ids_reassigned: 0
2026-09-03 08:02:49.183: [INFO] BookmarksLoadDropped droppedNodes=0
2026-09-03 08:02:49.183: [INFO] BookmarksSnapshot Startup total=0 bar=0 other=0 mobile=0 showBar=0 showBarNTP=1
2026-09-03 08:02:49.327: [INFO] BookmarksSnapshot Shutdown total=0 bar=0 other=0 mobile=0 showBar=0 showBarNTP=1
2026-09-03 08:15:14.788: [INFO] CurrentProfilePath: D:\JEECodess\DataJpa\.metadata\.plugins\org.eclipse.swt\EBWebView\Default
2026-09-03 08:15:14.788: [INFO] Profiles total count: 1
2026-09-03 08:15:14.788: [INFO] Profile: name=Profile 1 path=D:\JEECodess\DataJpa\.metadata\.plugins\org.eclipse.swt\EBWebView\Default lastActive=2026-05-24T16:58:09.855Z
2026-09-03 08:15:14.788: [INFO] LastUsedProfileDir: D:\JEECodess\DataJpa\.metadata\.plugins\org.eclipse.swt\EBWebView\Default
2026-09-03 08:15:14.788: [INFO] MostRecentlyActiveProfile: name=Profile 1 path=D:\JEECodess\DataJpa\.metadata\.plugins\org.eclipse.swt\EBWebView\Default lastActive=2026-05-24T16:58:09.855Z
2026-09-03 08:15:14.788: [INFO] OnDoneLoading sync enabled: 0
2026-09-03 08:15:14.788: [INFO] BookmarkModelLoaded, ids_reassigned: 0
2026-09-03 08:15:14.788: [INFO] BookmarksLoadDropped droppedNodes=0
2026-09-03 08:15:14.788: [INFO] BookmarksSnapshot Startup total=0 bar=0 other=0 mobile=0 showBar=0 showBarNTP=1
2026-09-03 08:15:20.821: [INFO] BookmarksSnapshot Shutdown total=0 bar=0 other=0 mobile=0 showBar=0 showBarNTP=1
2026-09-03 08:15:45.915: [INFO] CurrentProfilePath: D:\JEECodess\DataJpa\.metadata\.plugins\org.eclipse.swt\EBWebView\Default
2026-09-03 08:15:45.915: [INFO] Profiles total count: 1
2026-09-03 08:15:45.915: [INFO] Profile: name=Profile 1 path=D:\JEECodess\DataJpa\.metadata\.plugins\org.eclipse.swt\EBWebView\Default lastActive=2026-05-24T16:58:09.855Z
2026-09-03 08:15:45.915: [INFO] LastUsedProfileDir: D:\JEECodess\DataJpa\.metadata\.plugins\org.eclipse.swt\EBWebView\Default
2026-09-03 08:15:45.915: [INFO] MostRecentlyActiveProfile: name=Profile 1 path=D:\JEECodess\DataJpa\.metadata\.plugins\org.eclipse.swt\EBWebView\Default lastActive=2026-05-24T16:58:09.855Z
2026-09-03 08:15:45.915: [INFO] OnDoneLoading sync enabled: 0
2026-09-03 08:15:45.915: [INFO] BookmarkModelLoaded, ids_reassigned: 0
2026-09-03 08:15:45.915: [INFO] BookmarksLoadDropped droppedNodes=0
2026-09-03 08:15:45.915: [INFO] BookmarksSnapshot Startup total=0 bar=0 other=0 mobile=0 showBar=0 showBarNTP=1
2026-09-03 08:15:49.017: [INFO] BookmarksSnapshot Shutdown total=0 bar=0 other=0 mobile=0 showBar=0 showBarNTP=1
2026-09-03 08:16:38.483: [INFO] CurrentProfilePath: D:\JEECodess\DataJpa\.metadata\.plugins\org.eclipse.swt\EBWebView\Default
2026-09-03 08:16:38.483: [INFO] Profiles total count: 1
2026-09-03 08:16:38.483: [INFO] Profile: name=Profile 1 path=D:\JEECodess\DataJpa\.metadata\.plugins\org.eclipse.swt\EBWebView\Default lastActive=2026-05-24T16:58:09.855Z
2026-09-03 08:16:38.483: [INFO] LastUsedProfileDir: D:\JEECodess\DataJpa\.metadata\.plugins\org.eclipse.swt\EBWebView\Default
2026-09-03 08:16:38.483: [INFO] MostRecentlyActiveProfile: name=Profile 1 path=D:\JEECodess\DataJpa\.metadata\.plugins\org.eclipse.swt\EBWebView\Default lastActive=2026-05-24T16:58:09.855Z
2026-09-03 08:16:38.483: [INFO] OnDoneLoading sync enabled: 0
2026-09-03 08:16:38.483: [INFO] BookmarkModelLoaded, ids_reassigned: 0
2026-09-03 08:16:38.483: [INFO] BookmarksLoadDropped droppedNodes=0
2026-09-03 08:16:38.483: [INFO] BookmarksSnapshot Startup total=0 bar=0 other=0 mobile=0 showBar=0 showBarNTP=1
2026-09-03 08:16:47.029: [INFO] BookmarksSnapshot Shutdown total=0 bar=0 other=0 mobile=0 showBar=0 showBarNTP=1
2026-09-03 08:18:43.365: [INFO] CurrentProfilePath: D:\JEECodess\DataJpa\.metadata\.plugins\org.eclipse.swt\EBWebView\Default
2026-09-03 08:18:43.365: [INFO] Profiles total count: 1
2026-09-03 08:18:43.365: [INFO] Profile: name=Profile 1 path=D:\JEECodess\DataJpa\.metadata\.plugins\org.eclipse.swt\EBWebView\Default lastActive=2026-05-24T16:58:09.855Z
2026-09-03 08:18:43.365: [INFO] LastUsedProfileDir: D:\JEECodess\DataJpa\.metadata\.plugins\org.eclipse.swt\EBWebView\Default
2026-09-03 08:18:43.365: [INFO] MostRecentlyActiveProfile: name=Profile 1 path=D:\JEECodess\DataJpa\.metadata\.plugins\org.eclipse.swt\EBWebView\Default lastActive=2026-05-24T16:58:09.855Z
2026-09-03 08:18:43.365: [INFO] OnDoneLoading sync enabled: 0
2026-09-03 08:18:43.365: [INFO] BookmarkModelLoaded, ids_reassigned: 0
2026-09-03 08:18:43.365: [INFO] BookmarksLoadDropped droppedNodes=0
2026-09-03 08:18:43.365: [INFO] BookmarksSnapshot Startup total=0 bar=0 other=0 mobile=0 showBar=0 showBarNTP=1
2026-09-03 08:18:47.033: [INFO] BookmarksSnapshot Shutdown total=0 bar=0 other=0 mobile=0 showBar=0 showBarNTP=1
2026-09-03 08:25:03.348: [INFO] CurrentProfilePath: D:\JEECodess\DataJpa\.metadata\.plugins\org.eclipse.swt\EBWebView\Default
2026-09-03 08:25:03.349: [INFO] Profiles total count: 1
2026-09-03 08:25:03.349: [INFO] Profile: name=Profile 1 path=D:\JEECodess\DataJpa\.metadata\.plugins\org.eclipse.swt\EBWebView\Default lastActive=2026-05-24T16:58:09.855Z
2026-09-03 08:25:03.349: [INFO] LastUsedProfileDir: D:\JEECodess\DataJpa\.metadata\.plugins\org.eclipse.swt\EBWebView\Default
2026-09-03 08:25:03.349: [INFO] MostRecentlyActiveProfile: name=Profile 1 path=D:\JEECodess\DataJpa\.metadata\.plugins\org.eclipse.swt\EBWebView\Default lastActive=2026-05-24T16:58:09.855Z
2026-09-03 08:25:03.349: [INFO] OnDoneLoading sync enabled: 0
2026-09-03 08:25:03.349: [INFO] BookmarkModelLoaded, ids_reassigned: 0
2026-09-03 08:25:03.349: [INFO] BookmarksLoadDropped droppedNodes=0
2026-09-03 08:25:03.349: [INFO] BookmarksSnapshot Startup total=0 bar=0 other=0 mobile=0 showBar=0 showBarNTP=1
2026-09-03 08:31:42.534: [INFO] BookmarksSnapshot Shutdown total=0 bar=0 other=0 mobile=0 showBar=0 showBarNTP=1
2026-09-03 08:32:36.875: [INFO] CurrentProfilePath: D:\JEECodess\DataJpa\.metadata\.plugins\org.eclipse.swt\EBWebView\Default
2026-09-03 08:32:36.875: [INFO] Profiles total count: 1
2026-09-03 08:32:36.875: [INFO] Profile: name=Profile 1 path=D:\JEECodess\DataJpa\.metadata\.plugins\org.eclipse.swt\EBWebView\Default lastActive=2026-05-24T16:58:09.855Z
2026-09-03 08:32:36.875: [INFO] LastUsedProfileDir: D:\JEECodess\DataJpa\.metadata\.plugins\org.eclipse.swt\EBWebView\Default
2026-09-03 08:32:36.875: [INFO] MostRecentlyActiveProfile: name=Profile 1 path=D:\JEECodess\DataJpa\.metadata\.plugins\org.eclipse.swt\EBWebView\Default lastActive=2026-05-24T16:58:09.855Z
2026-09-03 08:32:36.875: [INFO] OnDoneLoading sync enabled: 0
2026-09-03 08:32:36.875: [INFO] BookmarkModelLoaded, ids_reassigned: 0
2026-09-03 08:32:36.875: [INFO] BookmarksLoadDropped droppedNodes=0
2026-09-03 08:32:36.875: [INFO] BookmarksSnapshot Startup total=0 bar=0 other=0 mobile=0 showBar=0 showBarNTP=1
2026-09-03 08:32:43.569: [INFO] BookmarksSnapshot Shutdown total=0 bar=0 other=0 mobile=0 showBar=0 showBarNTP=1
2026-09-03 09:00:34.069: [INFO] CurrentProfilePath: D:\JEECodess\DataJpa\.metadata\.plugins\org.eclipse.swt\EBWebView\Default
2026-09-03 09:00:34.069: [INFO] Profiles total count: 1
2026-09-03 09:00:34.070: [INFO] Profile: name=Profile 1 path=D:\JEECodess\DataJpa\.metadata\.plugins\org.eclipse.swt\EBWebView\Default lastActive=2026-05-24T16:58:09.855Z
2026-09-03 09:00:34.070: [INFO] LastUsedProfileDir: D:\JEECodess\DataJpa\.metadata\.plugins\org.eclipse.swt\EBWebView\Default
2026-09-03 09:00:34.070: [INFO] MostRecentlyActiveProfile: name=Profile 1 path=D:\JEECodess\DataJpa\.metadata\.plugins\org.eclipse.swt\EBWebView\Default lastActive=2026-05-24T16:58:09.855Z
2026-09-03 09:00:34.070: [INFO] OnDoneLoading sync enabled: 0
2026-09-03 09:00:34.070: [INFO] BookmarkModelLoaded, ids_reassigned: 0
2026-09-03 09:00:34.070: [INFO] BookmarksLoadDropped droppedNodes=0
2026-09-03 09:00:34.070: [INFO] BookmarksSnapshot Startup total=0 bar=0 other=0 mobile=0 showBar=0 showBarNTP=1
2026-09-03 09:00:39.036: [INFO] BookmarksSnapshot Shutdown total=0 bar=0 other=0 mobile=0 showBar=0 showBarNTP=1
2026-09-03 09:05:45.974: [INFO] CurrentProfilePath: D:\JEECodess\DataJpa\.metadata\.plugins\org.eclipse.swt\EBWebView\Default
2026-09-03 09:05:45.974: [INFO] Profiles total count: 1
2026-09-03 09:05:45.974: [INFO] Profile: name=Profile 1 path=D:\JEECodess\DataJpa\.metadata\.plugins\org.eclipse.swt\EBWebView\Default lastActive=2026-05-24T16:58:09.855Z
2026-09-03 09:05:45.974: [INFO] LastUsedProfileDir: D:\JEECodess\DataJpa\.metadata\.plugins\org.eclipse.swt\EBWebView\Default
2026-09-03 09:05:45.974: [INFO] MostRecentlyActiveProfile: name=Profile 1 path=D:\JEECodess\DataJpa\.metadata\.plugins\org.eclipse.swt\EBWebView\Default lastActive=2026-05-24T16:58:09.855Z
2026-09-03 09:05:45.974: [INFO] OnDoneLoading sync enabled: 0
2026-09-03 09:05:45.974: [INFO] BookmarkModelLoaded, ids_reassigned: 0
2026-09-03 09:05:45.974: [INFO] BookmarksLoadDropped droppedNodes=0
2026-09-03 09:05:45.974: [INFO] BookmarksSnapshot Startup total=0 bar=0 other=0 mobile=0 showBar=0 showBarNTP=1
2026-09-03 09:06:01.562: [INFO] BookmarksSnapshot Shutdown total=0 bar=0 other=0 mobile=0 showBar=0 showBarNTP=1
2026-09-03 09:06:36.862: [INFO] CurrentProfilePath: D:\JEECodess\DataJpa\.metadata\.plugins\org.eclipse.swt\EBWebView\Default
2026-09-03 09:06:36.862: [INFO] Profiles total count: 1
2026-09-03 09:06:36.862: [INFO] Profile: name=Profile 1 path=D:\JEECodess\DataJpa\.metadata\.plugins\org.eclipse.swt\EBWebView\Default lastActive=2026-05-24T16:58:09.855Z
2026-09-03 09:06:36.862: [INFO] LastUsedProfileDir: D:\JEECodess\DataJpa\.metadata\.plugins\org.eclipse.swt\EBWebView\Default
2026-09-03 09:06:36.862: [INFO] MostRecentlyActiveProfile: name=Profile 1 path=D:\JEECodess\DataJpa\.metadata\.plugins\org.eclipse.swt\EBWebView\Default lastActive=2026-05-24T16:58:09.855Z
2026-09-03 09:06:36.862: [INFO] OnDoneLoading sync enabled: 0
2026-09-03 09:06:36.862: [INFO] BookmarkModelLoaded, ids_reassigned: 0
2026-09-03 09:06:36.862: [INFO] BookmarksLoadDropped droppedNodes=0
2026-09-03 09:06:36.862: [INFO] BookmarksSnapshot Startup total=0 bar=0 other=0 mobile=0 showBar=0 showBarNTP=1
2026-09-03 09:06:47.642: [INFO] BookmarksSnapshot Shutdown total=0 bar=0 other=0 mobile=0 showBar=0 showBarNTP=1
2026-09-03 09:07:22.558: [INFO] CurrentProfilePath: D:\JEECodess\DataJpa\.metadata\.plugins\org.eclipse.swt\EBWebView\Default
2026-09-03 09:07:22.558: [INFO] Profiles total count: 1
2026-09-03 09:07:22.558: [INFO] Profile: name=Profile 1 path=D:\JEECodess\DataJpa\.metadata\.plugins\org.eclipse.swt\EBWebView\Default lastActive=2026-05-24T16:58:09.855Z
2026-09-03 09:07:22.558: [INFO] LastUsedProfileDir: D:\JEECodess\DataJpa\.metadata\.plugins\org.eclipse.swt\EBWebView\Default
2026-09-03 09:07:22.558: [INFO] MostRecentlyActiveProfile: name=Profile 1 path=D:\JEECodess\DataJpa\.metadata\.plugins\org.eclipse.swt\EBWebView\Default lastActive=2026-05-24T16:58:09.855Z
2026-09-03 09:07:22.558: [INFO] OnDoneLoading sync enabled: 0
2026-09-03 09:07:22.558: [INFO] BookmarkModelLoaded, ids_reassigned: 0
2026-09-03 09:07:22.558: [INFO] BookmarksLoadDropped droppedNodes=0
2026-09-03 09:07:22.558: [INFO] BookmarksSnapshot Startup total=0 bar=0 other=0 mobile=0 showBar=0 showBarNTP=1
2026-09-03 09:07:22.793: [INFO] BookmarksSnapshot Shutdown total=0 bar=0 other=0 mobile=0 showBar=0 showBarNTP=1
2026-09-04 08:10:09.744: [INFO] CurrentProfilePath: D:\JEECodess\DataJpa\.metadata\.plugins\org.eclipse.swt\EBWebView\Default
2026-09-04 08:10:09.744: [INFO] Profiles total count: 1
2026-09-04 08:10:09.744: [INFO] Profile: name=Profile 1 path=D:\JEECodess\DataJpa\.metadata\.plugins\org.eclipse.swt\EBWebView\Default lastActive=2026-05-24T16:58:09.855Z
2026-09-04 08:10:09.744: [INFO] LastUsedProfileDir: D:\JEECodess\DataJpa\.metadata\.plugins\org.eclipse.swt\EBWebView\Default
2026-09-04 08:10:09.744: [INFO] MostRecentlyActiveProfile: name=Profile 1 path=D:\JEECodess\DataJpa\.metadata\.plugins\org.eclipse.swt\EBWebView\Default lastActive=2026-05-24T16:58:09.855Z
2026-09-04 08:10:09.744: [INFO] OnDoneLoading sync enabled: 0
2026-09-04 08:10:09.744: [INFO] BookmarkModelLoaded, ids_reassigned: 0
2026-09-04 08:10:09.744: [INFO] BookmarksLoadDropped droppedNodes=0
2026-09-04 08:10:09.744: [INFO] BookmarksSnapshot Startup total=0 bar=0 other=0 mobile=0 showBar=0 showBarNTP=1
2026-09-04 09:56:39.115: [INFO] BookmarksSnapshot Shutdown total=0 bar=0 other=0 mobile=0 showBar=0 showBarNTP=1
2026-09-08 17:40:13.299: [INFO] CurrentProfilePath: D:\JEECodess\DataJpa\.metadata\.plugins\org.eclipse.swt\EBWebView\Default
2026-09-08 17:40:13.299: [INFO] Profiles total count: 1
2026-09-08 17:40:13.299: [INFO] Profile: name=Profile 1 path=D:\JEECodess\DataJpa\.metadata\.plugins\org.eclipse.swt\EBWebView\Default lastActive=2026-05-24T16:58:09.855Z
2026-09-08 17:40:13.299: [INFO] LastUsedProfileDir: D:\JEECodess\DataJpa\.metadata\.plugins\org.eclipse.swt\EBWebView\Default
2026-09-08 17:40:13.299: [INFO] MostRecentlyActiveProfile: name=Profile 1 path=D:\JEECodess\DataJpa\.metadata\.plugins\org.eclipse.swt\EBWebView\Default lastActive=2026-05-24T16:58:09.855Z
2026-09-08 17:40:13.299: [INFO] OnDoneLoading sync enabled: 0
2026-09-08 17:40:13.299: [INFO] BookmarkModelLoaded, ids_reassigned: 0
2026-09-08 17:40:13.299: [INFO] BookmarksLoadDropped droppedNodes=0
2026-09-08 17:40:13.300: [INFO] BookmarksSnapshot Startup total=0 bar=0 other=0 mobile=0 showBar=0 showBarNTP=1
2026-09-08 17:42:07.495: [INFO] BookmarksSnapshot Shutdown total=0 bar=0 other=0 mobile=0 showBar=0 showBarNTP=1
2026-09-08 17:56:48.625: [INFO] CurrentProfilePath: D:\JEECodess\DataJpa\.metadata\.plugins\org.eclipse.swt\EBWebView\Default
2026-09-08 17:56:48.625: [INFO] Profiles total count: 1
2026-09-08 17:56:48.625: [INFO] Profile: name=Profile 1 path=D:\JEECodess\DataJpa\.metadata\.plugins\org.eclipse.swt\EBWebView\Default lastActive=2026-05-24T16:58:09.855Z
2026-09-08 17:56:48.625: [INFO] LastUsedProfileDir: D:\JEECodess\DataJpa\.metadata\.plugins\org.eclipse.swt\EBWebView\Default
2026-09-08 17:56:48.625: [INFO] MostRecentlyActiveProfile: name=Profile 1 path=D:\JEECodess\DataJpa\.metadata\.plugins\org.eclipse.swt\EBWebView\Default lastActive=2026-05-24T16:58:09.855Z
2026-09-08 17:56:48.625: [INFO] OnDoneLoading sync enabled: 0
2026-09-08 17:56:48.625: [INFO] BookmarkModelLoaded, ids_reassigned: 0
2026-09-08 17:56:48.625: [INFO] BookmarksLoadDropped droppedNodes=0
2026-09-08 17:56:48.625: [INFO] BookmarksSnapshot Startup total=0 bar=0 other=0 mobile=0 showBar=0 showBarNTP=1
2026-09-08 17:59:27.981: [INFO] BookmarksSnapshot Shutdown total=0 bar=0 other=0 mobile=0 showBar=0 showBarNTP=1
2026-09-08 18:15:07.041: [INFO] CurrentProfilePath: D:\JEECodess\DataJpa\.metadata\.plugins\org.eclipse.swt\EBWebView\Default
2026-09-08 18:15:07.041: [INFO] Profiles total count: 1
2026-09-08 18:15:07.042: [INFO] Profile: name=Profile 1 path=D:\JEECodess\DataJpa\.metadata\.plugins\org.eclipse.swt\EBWebView\Default lastActive=2026-05-24T16:58:09.855Z
2026-09-08 18:15:07.042: [INFO] LastUsedProfileDir: D:\JEECodess\DataJpa\.metadata\.plugins\org.eclipse.swt\EBWebView\Default
2026-09-08 18:15:07.042: [INFO] MostRecentlyActiveProfile: name=Profile 1 path=D:\JEECodess\DataJpa\.metadata\.plugins\org.eclipse.swt\EBWebView\Default lastActive=2026-05-24T16:58:09.855Z
2026-09-08 18:15:07.042: [INFO] OnDoneLoading sync enabled: 0
2026-09-08 18:15:07.042: [INFO] BookmarkModelLoaded, ids_reassigned: 0
2026-09-08 18:15:07.042: [INFO] BookmarksLoadDropped droppedNodes=0
2026-09-08 18:15:07.042: [INFO] BookmarksSnapshot Startup total=0 bar=0 other=0 mobile=0 showBar=0 showBarNTP=1
2026-09-08 18:19:45.952: [INFO] BookmarksSnapshot Shutdown total=0 bar=0 other=0 mobile=0 showBar=0 showBarNTP=1
2026-09-09 07:29:31.006: [INFO] CurrentProfilePath: D:\JEECodess\DataJpa\.metadata\.plugins\org.eclipse.swt\EBWebView\Default
2026-09-09 07:29:31.007: [INFO] Profiles total count: 1
2026-09-09 07:29:31.007: [INFO] Profile: name=Profile 1 path=D:\JEECodess\DataJpa\.metadata\.plugins\org.eclipse.swt\EBWebView\Default lastActive=2026-05-24T16:58:09.855Z
2026-09-09 07:29:31.007: [INFO] LastUsedProfileDir: D:\JEECodess\DataJpa\.metadata\.plugins\org.eclipse.swt\EBWebView\Default
2026-09-09 07:29:31.007: [INFO] MostRecentlyActiveProfile: name=Profile 1 path=D:\JEECodess\DataJpa\.metadata\.plugins\org.eclipse.swt\EBWebView\Default lastActive=2026-05-24T16:58:09.855Z
2026-09-09 07:29:31.007: [INFO] OnDoneLoading sync enabled: 0
2026-09-09 07:29:31.007: [INFO] BookmarkModelLoaded, ids_reassigned: 0
2026-09-09 07:29:31.007: [INFO] BookmarksLoadDropped droppedNodes=0
2026-09-09 07:29:31.007: [INFO] BookmarksSnapshot Startup total=0 bar=0 other=0 mobile=0 showBar=0 showBarNTP=1
2026-09-09 11:01:59.072: [INFO] BookmarksSnapshot Shutdown total=0 bar=0 other=0 mobile=0 showBar=0 showBarNTP=1
2026-09-09 17:00:37.930: [INFO] CurrentProfilePath: D:\JEECodess\DataJpa\.metadata\.plugins\org.eclipse.swt\EBWebView\Default
2026-09-09 17:00:37.930: [INFO] Profiles total count: 1
2026-09-09 17:00:37.930: [INFO] Profile: name=Profile 1 path=D:\JEECodess\DataJpa\.metadata\.plugins\org.eclipse.swt\EBWebView\Default lastActive=2026-09-09T09:34:04.090Z
2026-09-09 17:00:37.930: [INFO] LastUsedProfileDir: D:\JEECodess\DataJpa\.metadata\.plugins\org.eclipse.swt\EBWebView\Default
2026-09-09 17:00:37.930: [INFO] MostRecentlyActiveProfile: name=Profile 1 path=D:\JEECodess\DataJpa\.metadata\.plugins\org.eclipse.swt\EBWebView\Default lastActive=2026-09-09T09:34:04.090Z
2026-09-09 17:00:37.930: [INFO] OnDoneLoading sync enabled: 0
2026-09-09 17:00:37.930: [INFO] BookmarkModelLoaded, ids_reassigned: 0
2026-09-09 17:00:37.930: [INFO] BookmarksLoadDropped droppedNodes=0
2026-09-09 17:00:37.930: [INFO] BookmarksSnapshot Startup total=0 bar=0 other=0 mobile=0 showBar=0 showBarNTP=1
2026-09-09 18:33:14.706: [INFO] BookmarksSnapshot Shutdown total=0 bar=0 other=0 mobile=0 showBar=0 showBarNTP=1
2026-09-10 07:09:24.909: [INFO] CurrentProfilePath: D:\JEECodess\DataJpa\.metadata\.plugins\org.eclipse.swt\EBWebView\Default
2026-09-10 07:09:24.909: [INFO] Profiles total count: 1
2026-09-10 07:09:24.909: [INFO] Profile: name=Profile 1 path=D:\JEECodess\DataJpa\.metadata\.plugins\org.eclipse.swt\EBWebView\Default lastActive=2026-09-09T09:34:04.090Z
2026-09-10 07:09:24.909: [INFO] LastUsedProfileDir: D:\JEECodess\DataJpa\.metadata\.plugins\org.eclipse.swt\EBWebView\Default
2026-09-10 07:09:24.909: [INFO] MostRecentlyActiveProfile: name=Profile 1 path=D:\JEECodess\DataJpa\.metadata\.plugins\org.eclipse.swt\EBWebView\Default lastActive=2026-09-09T09:34:04.090Z
2026-09-10 07:09:24.909: [INFO] OnDoneLoading sync enabled: 0
2026-09-10 07:09:24.909: [INFO] BookmarkModelLoaded, ids_reassigned: 0
2026-09-10 07:09:24.909: [INFO] BookmarksLoadDropped droppedNodes=0
2026-09-10 07:09:24.909: [INFO] BookmarksSnapshot Startup total=0 bar=0 other=0 mobile=0 showBar=0 showBarNTP=1
2026-09-10 08:51:41.043: [INFO] BookmarksSnapshot Shutdown total=0 bar=0 other=0 mobile=0 showBar=0 showBarNTP=1
2026-09-10 09:10:11.748: [INFO] CurrentProfilePath: D:\JEECodess\DataJpa\.metadata\.plugins\org.eclipse.swt\EBWebView\Default
2026-09-10 09:10:11.748: [INFO] Profiles total count: 1
2026-09-10 09:10:11.748: [INFO] Profile: name=Profile 1 path=D:\JEECodess\DataJpa\.metadata\.plugins\org.eclipse.swt\EBWebView\Default lastActive=2026-09-09T09:34:04.090Z
2026-09-10 09:10:11.748: [INFO] LastUsedProfileDir: D:\JEECodess\DataJpa\.metadata\.plugins\org.eclipse.swt\EBWebView\Default
2026-09-10 09:10:11.748: [INFO] MostRecentlyActiveProfile: name=Profile 1 path=D:\JEECodess\DataJpa\.metadata\.plugins\org.eclipse.swt\EBWebView\Default lastActive=2026-09-09T09:34:04.090Z
2026-09-10 09:10:11.748: [INFO] OnDoneLoading sync enabled: 0
2026-09-10 09:10:11.748: [INFO] BookmarkModelLoaded, ids_reassigned: 0
2026-09-10 09:10:11.748: [INFO] BookmarksLoadDropped droppedNodes=0
2026-09-10 09:10:11.748: [INFO] BookmarksSnapshot Startup total=0 bar=0 other=0 mobile=0 showBar=0 showBarNTP=1
2026-09-10 09:34:36.969: [INFO] BookmarksSnapshot Shutdown total=0 bar=0 other=0 mobile=0 showBar=0 showBarNTP=1
2026-09-11 08:13:37.090: [INFO] CurrentProfilePath: D:\JEECodess\DataJpa\.metadata\.plugins\org.eclipse.swt\EBWebView\Default
2026-09-11 08:13:37.090: [INFO] Profiles total count: 1
2026-09-11 08:13:37.090: [INFO] Profile: name=Profile 1 path=D:\JEECodess\DataJpa\.metadata\.plugins\org.eclipse.swt\EBWebView\Default lastActive=2026-09-09T09:34:04.090Z
2026-09-11 08:13:37.090: [INFO] LastUsedProfileDir: D:\JEECodess\DataJpa\.metadata\.plugins\org.eclipse.swt\EBWebView\Default
2026-09-11 08:13:37.090: [INFO] MostRecentlyActiveProfile: name=Profile 1 path=D:\JEECodess\DataJpa\.metadata\.plugins\org.eclipse.swt\EBWebView\Default lastActive=2026-09-09T09:34:04.090Z
2026-09-11 08:13:37.090: [INFO] OnDoneLoading sync enabled: 0
2026-09-11 08:13:37.090: [INFO] BookmarkModelLoaded, ids_reassigned: 0
2026-09-11 08:13:37.090: [INFO] BookmarksLoadDropped droppedNodes=0
2026-09-11 08:13:37.090: [INFO] BookmarksSnapshot Startup total=0 bar=0 other=0 mobile=0 showBar=0 showBarNTP=1
2026-09-11 08:18:36.211: [INFO] BookmarksSnapshot Shutdown total=0 bar=0 other=0 mobile=0 showBar=0 showBarNTP=1
2026-09-11 08:18:36.427: [INFO] CurrentProfilePath: D:\JEECodess\DataJpa\.metadata\.plugins\org.eclipse.swt\EBWebView\Default
2026-09-11 08:18:36.427: [INFO] Profiles total count: 1
2026-09-11 08:18:36.427: [INFO] Profile: name=Profile 1 path=D:\JEECodess\DataJpa\.metadata\.plugins\org.eclipse.swt\EBWebView\Default lastActive=2026-09-09T09:34:04.090Z
2026-09-11 08:18:36.427: [INFO] LastUsedProfileDir: D:\JEECodess\DataJpa\.metadata\.plugins\org.eclipse.swt\EBWebView\Default
2026-09-11 08:18:36.427: [INFO] MostRecentlyActiveProfile: name=Profile 1 path=D:\JEECodess\DataJpa\.metadata\.plugins\org.eclipse.swt\EBWebView\Default lastActive=2026-09-09T09:34:04.090Z
2026-09-11 08:18:36.427: [INFO] OnDoneLoading sync enabled: 0
2026-09-11 08:18:36.427: [INFO] BookmarkModelLoaded, ids_reassigned: 0
2026-09-11 08:18:36.427: [INFO] BookmarksLoadDropped droppedNodes=0
2026-09-11 08:18:36.427: [INFO] BookmarksSnapshot Startup total=0 bar=0 other=0 mobile=0 showBar=0 showBarNTP=1
2026-09-11 14:42:52.670: [INFO] BookmarksSnapshot Shutdown total=0 bar=0 other=0 mobile=0 showBar=0 showBarNTP=1
2026-09-12 09:20:22.292: [INFO] CurrentProfilePath: D:\JEECodess\DataJpa\.metadata\.plugins\org.eclipse.swt\EBWebView\Default
2026-09-12 09:20:22.292: [INFO] Profiles total count: 1
2026-09-12 09:20:22.292: [INFO] Profile: name=Profile 1 path=D:\JEECodess\DataJpa\.metadata\.plugins\org.eclipse.swt\EBWebView\Default lastActive=2026-09-09T09:34:04.090Z
2026-09-12 09:20:22.292: [INFO] LastUsedProfileDir: D:\JEECodess\DataJpa\.metadata\.plugins\org.eclipse.swt\EBWebView\Default
2026-09-12 09:20:22.292: [INFO] MostRecentlyActiveProfile: name=Profile 1 path=D:\JEECodess\DataJpa\.metadata\.plugins\org.eclipse.swt\EBWebView\Default lastActive=2026-09-09T09:34:04.090Z
2026-09-12 09:20:22.292: [INFO] OnDoneLoading sync enabled: 0
2026-09-12 09:20:22.292: [INFO] BookmarkModelLoaded, ids_reassigned: 0
2026-09-12 09:20:22.292: [INFO] BookmarksLoadDropped droppedNodes=0
2026-09-12 09:20:22.292: [INFO] BookmarksSnapshot Startup total=0 bar=0 other=0 mobile=0 showBar=0 showBarNTP=1
2026-09-12 09:20:22.845: [INFO] BookmarksSnapshot Shutdown total=0 bar=0 other=0 mobile=0 showBar=0 showBarNTP=1
2026-09-12 09:20:47.866: [INFO] CurrentProfilePath: D:\JEECodess\DataJpa\.metadata\.plugins\org.eclipse.swt\EBWebView\Default
2026-09-12 09:20:47.866: [INFO] Profiles total count: 1
2026-09-12 09:20:47.866: [INFO] Profile: name=Profile 1 path=D:\JEECodess\DataJpa\.metadata\.plugins\org.eclipse.swt\EBWebView\Default lastActive=2026-09-09T09:34:04.090Z
2026-09-12 09:20:47.866: [INFO] LastUsedProfileDir: D:\JEECodess\DataJpa\.metadata\.plugins\org.eclipse.swt\EBWebView\Default
2026-09-12 09:20:47.866: [INFO] MostRecentlyActiveProfile: name=Profile 1 path=D:\JEECodess\DataJpa\.metadata\.plugins\org.eclipse.swt\EBWebView\Default lastActive=2026-09-09T09:34:04.090Z
2026-09-12 09:20:47.866: [INFO] OnDoneLoading sync enabled: 0
2026-09-12 09:20:47.866: [INFO] BookmarkModelLoaded, ids_reassigned: 0
2026-09-12 09:20:47.866: [INFO] BookmarksLoadDropped droppedNodes=0
2026-09-12 09:20:47.866: [INFO] BookmarksSnapshot Startup total=0 bar=0 other=0 mobile=0 showBar=0 showBarNTP=1
2026-09-12 13:46:24.140: [INFO] BookmarksSnapshot Shutdown total=0 bar=0 other=0 mobile=0 showBar=0 showBarNTP=1
2026-09-12 17:36:28.307: [INFO] CurrentProfilePath: D:\JEECodess\DataJpa\.metadata\.plugins\org.eclipse.swt\EBWebView\Default
2026-09-12 17:36:28.307: [INFO] Profiles total count: 1
2026-09-12 17:36:28.307: [INFO] Profile: name=Profile 1 path=D:\JEECodess\DataJpa\.metadata\.plugins\org.eclipse.swt\EBWebView\Default lastActive=2026-09-09T09:34:04.090Z
2026-09-12 17:36:28.307: [INFO] LastUsedProfileDir: D:\JEECodess\DataJpa\.metadata\.plugins\org.eclipse.swt\EBWebView\Default
2026-09-12 17:36:28.307: [INFO] MostRecentlyActiveProfile: name=Profile 1 path=D:\JEECodess\DataJpa\.metadata\.plugins\org.eclipse.swt\EBWebView\Default lastActive=2026-09-09T09:34:04.090Z
2026-09-12 17:36:28.307: [INFO] OnDoneLoading sync enabled: 0
2026-09-12 17:36:28.307: [INFO] BookmarkModelLoaded, ids_reassigned: 0
2026-09-12 17:36:28.307: [INFO] BookmarksLoadDropped droppedNodes=0
2026-09-12 17:36:28.307: [INFO] BookmarksSnapshot Startup total=0 bar=0 other=0 mobile=0 showBar=0 showBarNTP=1
2026-09-12 18:31:14.516: [INFO] BookmarksSnapshot Shutdown total=0 bar=0 other=0 mobile=0 showBar=0 showBarNTP=1
